
=================================== ERRORS ====================================
______________________ ERROR collecting test_process.py _______________________
.venv\Lib\site-packages\requests\models.py:978: in json
    return complexjson.loads(self.text, **kwargs)
           ^^^^^^^^^^^^^^^^^^^^^^^^^^^^^^^^^^^^^^
C:\Users\FamÝlia Grom\AppData\Local\Python\pythoncore-3.14-64\Lib\json\__init__.py:352: in loads
    return _default_decoder.decode(s)
           ^^^^^^^^^^^^^^^^^^^^^^^^^^
C:\Users\FamÝlia Grom\AppData\Local\Python\pythoncore-3.14-64\Lib\json\decoder.py:345: in decode
    obj, end = self.raw_decode(s, idx=_w(s, 0).end())
               ^^^^^^^^^^^^^^^^^^^^^^^^^^^^^^^^^^^^^^
C:\Users\FamÝlia Grom\AppData\Local\Python\pythoncore-3.14-64\Lib\json\decoder.py:363: in raw_decode
    raise JSONDecodeError("Expecting value", s, err.value) from None
E   json.decoder.JSONDecodeError: Expecting value: line 1 column 1 (char 0)

During handling of the above exception, another exception occurred:
test_process.py:11: in <module>
    data = resp.json()
           ^^^^^^^^^^^
.venv\Lib\site-packages\requests\models.py:982: in json
    raise RequestsJSONDecodeError(e.msg, e.doc, e.pos)
E   requests.exceptions.JSONDecodeError: Expecting value: line 1 column 1 (char 0)
______________________ ERROR collecting test_regions.py _______________________
.venv\Lib\site-packages\requests\models.py:978: in json
    return complexjson.loads(self.text, **kwargs)
           ^^^^^^^^^^^^^^^^^^^^^^^^^^^^^^^^^^^^^^
C:\Users\FamÝlia Grom\AppData\Local\Python\pythoncore-3.14-64\Lib\json\__init__.py:352: in loads
    return _default_decoder.decode(s)
           ^^^^^^^^^^^^^^^^^^^^^^^^^^
C:\Users\FamÝlia Grom\AppData\Local\Python\pythoncore-3.14-64\Lib\json\decoder.py:345: in decode
    obj, end = self.raw_decode(s, idx=_w(s, 0).end())
               ^^^^^^^^^^^^^^^^^^^^^^^^^^^^^^^^^^^^^^
C:\Users\FamÝlia Grom\AppData\Local\Python\pythoncore-3.14-64\Lib\json\decoder.py:363: in raw_decode
    raise JSONDecodeError("Expecting value", s, err.value) from None
E   json.decoder.JSONDecodeError: Expecting value: line 1 column 1 (char 0)

During handling of the above exception, another exception occurred:
test_regions.py:10: in <module>
    data = resp.json()
           ^^^^^^^^^^^
.venv\Lib\site-packages\requests\models.py:982: in json
    raise RequestsJSONDecodeError(e.msg, e.doc, e.pos)
E   requests.exceptions.JSONDecodeError: Expecting value: line 1 column 1 (char 0)
_______________________ ERROR collecting test_simple.py _______________________
.venv\Lib\site-packages\requests\models.py:978: in json
    return complexjson.loads(self.text, **kwargs)
           ^^^^^^^^^^^^^^^^^^^^^^^^^^^^^^^^^^^^^^
C:\Users\FamÝlia Grom\AppData\Local\Python\pythoncore-3.14-64\Lib\json\__init__.py:352: in loads
    return _default_decoder.decode(s)
           ^^^^^^^^^^^^^^^^^^^^^^^^^^
C:\Users\FamÝlia Grom\AppData\Local\Python\pythoncore-3.14-64\Lib\json\decoder.py:345: in decode
    obj, end = self.raw_decode(s, idx=_w(s, 0).end())
               ^^^^^^^^^^^^^^^^^^^^^^^^^^^^^^^^^^^^^^
C:\Users\FamÝlia Grom\AppData\Local\Python\pythoncore-3.14-64\Lib\json\decoder.py:363: in raw_decode
    raise JSONDecodeError("Expecting value", s, err.value) from None
E   json.decoder.JSONDecodeError: Expecting value: line 1 column 1 (char 0)

During handling of the above exception, another exception occurred:
test_simple.py:11: in <module>
    data = resp.json()
           ^^^^^^^^^^^
.venv\Lib\site-packages\requests\models.py:982: in json
    raise RequestsJSONDecodeError(e.msg, e.doc, e.pos)
E   requests.exceptions.JSONDecodeError: Expecting value: line 1 column 1 (char 0)
=========================== short test summary info ===========================
ERROR test_process.py - requests.exceptions.JSONDecodeError: Expecting value:...
ERROR test_regions.py - requests.exceptions.JSONDecodeError: Expecting value:...
ERROR test_simple.py - requests.exceptions.JSONDecodeError: Expecting value: ...
!!!!!!!!!!!!!!!!!!! Interrupted: 3 errors during collection !!!!!!!!!!!!!!!!!!!
3 errors in 6.09s
